#!/usr/bin/env bash
NAME="John";
echo "Hi $NAME";
echo 'Hi $NAME';