#!/usr/bin/env bash
NAME="John";
echo $NAME;
echo "$NAME";
echo "${NAME}!";